files ['summary_2026-09-11.jsonl', 'summary__msi__2026-09-11.jsonl', 'summary__msi__2026-09-12.jsonl', 'summary__msi__2026-09-13.jsonl', 'summary__msi__2026-09-14.jsonl', 'summary__msi__2026-09-15.jsonl', 'summary__msi__2026-09-16.jsonl', 'summary__msi__2026-09-17.jsonl', 'summary__msi__2026-09-18.jsonl']
pair-minutes 1354047 pairs 187 minutes from 2026-09-11T16:13:00Z to 2026-09-18T22:52:00Z
USD pairs 187
shape: (12, 5)
┌───────────┬─────────┬────────────────┬────────────────┬──────────────┐
│ pair      ┆ minutes ┆ spread_p50_bps ┆ spread_p25_bps ┆ depth10k_bps │
│ ---       ┆ ---     ┆ ---            ┆ ---            ┆ ---          │
│ str       ┆ u32     ┆ f64            ┆ f64            ┆ f64          │
╞═══════════╪═════════╪════════════════╪════════════════╪══════════════╡
│ 0G/USD    ┆ 213     ┆ 51.9481        ┆ 51.6796        ┆ 129.87       │
│ AAVE/USD  ┆ 9855    ┆ 5.58994        ┆ 4.78622        ┆ 7.467965     │
│ ADA/USD   ┆ 5306    ┆ 5.12021        ┆ 4.532175       ┆ 5.68477      │
│ ADI/USD   ┆ 4508    ┆ 18.6918        ┆ 17.1831        ┆ 83.4634      │
│ AERO/USD  ┆ 9839    ┆ 12.3861        ┆ 10.7258        ┆ 25.2006      │
│ …         ┆ …       ┆ …              ┆ …              ┆ …            │
│ AKE/USD   ┆ 9855    ┆ 29.1182        ┆ 24.7098        ┆ 62.3121      │
│ AKT/USD   ┆ 9855    ┆ 9.78761        ┆ 8.04991        ┆ 39.5331      │
│ ALGO/USD  ┆ 9855    ┆ 6.81276        ┆ 5.71396        ┆ 13.0393      │
│ ALIGN/USD ┆ 4548    ┆ 25.4453        ┆ 14.6092        ┆ 348.2615     │
│ ANON/USD  ┆ 5070    ┆ 328.437        ┆ 289.855        ┆ 542.139      │
└───────────┴─────────┴────────────────┴────────────────┴──────────────┘
shape: (8, 5)
┌──────────┬─────────┬────────────────┬────────────────┬──────────────┐
│ pair     ┆ minutes ┆ spread_p50_bps ┆ spread_p25_bps ┆ depth10k_bps │
│ ---      ┆ ---     ┆ ---            ┆ ---            ┆ ---          │
│ str      ┆ u32     ┆ f64            ┆ f64            ┆ f64          │
╞══════════╪═════════╪════════════════╪════════════════╪══════════════╡
│ TRX/USD  ┆ 9855    ┆ 0.179658       ┆ 0.029913       ┆ 2.97181      │
│ XAUT/USD ┆ 9855    ┆ 0.463714       ┆ 0.233653       ┆ 3.692505     │
│ PAXG/USD ┆ 9851    ┆ 0.488761       ┆ 0.252683       ┆ 2.80566      │
│ AUSD/USD ┆ 3290    ┆ 0.600042       ┆ 0.474988       ┆ 0.9250155    │
│ GBP/USD  ┆ 9855    ┆ 0.673388       ┆ 0.519467       ┆ 0.888014     │
│ DOGE/USD ┆ 9855    ┆ 0.78271        ┆ 0.269204       ┆ 3.86146      │
│ USDG/USD ┆ 6752    ┆ 0.99995        ┆ 0.99995        ┆ 0.499975     │
│ SUI/USD  ┆ 9855    ┆ 1.40895        ┆ 1.38475        ┆ 5.0743       │
└──────────┴─────────┴────────────────┴────────────────┴──────────────┘
shape: (12, 4)
┌───────────┬────────────────┬─────────────┬───────────┐
│ pair      ┆ spread_p50_bps ┆ bar_no_slip ┆ bar_depth │
│ ---       ┆ ---            ┆ ---         ┆ ---       │
│ str       ┆ f64            ┆ f64         ┆ f64       │
╞═══════════╪════════════════╪═════════════╪═══════════╡
│ 0G/USD    ┆ 51.9481        ┆ 0.027987    ┆ 0.060455  │
│ AAVE/USD  ┆ 5.58994        ┆ 0.016397    ┆ 0.018264  │
│ ADA/USD   ┆ 5.12021        ┆ 0.01628     ┆ 0.017701  │
│ ADI/USD   ┆ 18.6918        ┆ 0.019673    ┆ 0.0405388 │
│ AERO/USD  ┆ 12.3861        ┆ 0.018097    ┆ 0.024397  │
│ …         ┆ …              ┆ …           ┆ …         │
│ AKE/USD   ┆ 29.1182        ┆ 0.02228     ┆ 0.037858  │
│ AKT/USD   ┆ 9.78761        ┆ 0.017447    ┆ 0.02733   │
│ ALGO/USD  ┆ 6.81276        ┆ 0.016703    ┆ 0.019963  │
│ ALIGN/USD ┆ 25.4453        ┆ 0.021361    ┆ 0.1084267 │
│ ANON/USD  ┆ 328.437        ┆ 0.097109    ┆ 0.232644  │
└───────────┴────────────────┴─────────────┴───────────┘
USD pairs whose bar at zero slippage is below 3.0%: 173
median bar_no_slip over USD pairs 0.018275625
