window bars 53022; candidate pairs, alphabetical: 17, log_return_4 asc: 232

=== 18m (79 folds) ===
alphabetical      friction 0.40% | bars 53022 -> anomaly 20223 -> DI 19807 -> cost 129 -> risk 64
      unc@0.50: trades   1 (1 pairs, 1 target) net +2.60% +/-nan%
      unc@0.60: trades  17 (2 pairs, 6 target) net -0.11% +/-1.05%
      unc@0.70: trades  49 (2 pairs, 18 target) net -0.18% +/-0.61%
      cap@0.50: trades  35 (2 pairs, 10 target) net -0.52% +/-0.69%
      cap@0.60: trades  47 (2 pairs, 15 target) net -0.35% +/-0.61%
      cap@0.70: trades  58 (2 pairs, 20 target) net -0.26% +/-0.55%
alphabetical      friction 0.50% | bars 53022 -> anomaly 20223 -> DI 19807 -> cost 52 -> risk 24
      unc@0.50: trades   1 (1 pairs, 1 target) net +2.50% +/-nan%
      unc@0.60: trades  10 (2 pairs, 3 target) net -0.31% +/-1.36%
      unc@0.70: trades  22 (2 pairs, 9 target) net -0.01% +/-0.94%
      cap@0.50: trades  18 (2 pairs, 6 target) net -0.31% +/-1.01%
      cap@0.60: trades  20 (2 pairs, 7 target) net -0.15% +/-0.95%
      cap@0.70: trades  23 (2 pairs, 9 target) net -0.09% +/-0.91%
alphabetical      friction 0.60% | bars 53022 -> anomaly 20223 -> DI 19807 -> cost 31 -> risk 17
      unc@0.50: trades   1 (1 pairs, 1 target) net +2.40% +/-nan%
      unc@0.60: trades   7 (2 pairs, 2 target) net -0.02% +/-1.55%
      unc@0.70: trades  16 (2 pairs, 6 target) net -0.07% +/-1.07%
      cap@0.50: trades  15 (2 pairs, 5 target) net -0.38% +/-1.12%
      cap@0.60: trades  16 (2 pairs, 5 target) net -0.35% +/-1.04%
      cap@0.70: trades  17 (2 pairs, 6 target) net -0.19% +/-1.03%
alphabetical      friction 0.70% | bars 53022 -> anomaly 20223 -> DI 19807 -> cost 5 -> risk 4
      unc@0.50: trades   1 (1 pairs, 1 target) net +2.30% +/-nan%
      unc@0.60: trades   3 (1 pairs, 1 target) net +0.42% +/-2.65%
      unc@0.70: trades   4 (2 pairs, 1 target) net -0.23% +/-2.27%
      cap@0.50: trades   4 (2 pairs, 1 target) net -0.23% +/-2.27%
      cap@0.60: trades   4 (2 pairs, 1 target) net -0.23% +/-2.27%
      cap@0.70: trades   4 (2 pairs, 1 target) net -0.23% +/-2.27%
alphabetical      friction 0.85% | bars 53022 -> anomaly 20223 -> DI 19807 -> cost 1 -> risk 1
      unc@0.50: trades 0
      unc@0.60: trades 0
      unc@0.70: trades   1 (1 pairs, 0 target) net -2.35% +/-nan%
      cap@0.50: trades   1 (1 pairs, 0 target) net -2.35% +/-nan%
      cap@0.60: trades   1 (1 pairs, 0 target) net -2.35% +/-nan%
      cap@0.70: trades   1 (1 pairs, 0 target) net -2.35% +/-nan%
log_return_4 asc  friction 0.40% | bars 53022 -> anomaly 21707 -> DI 21196 -> cost 586 -> risk 494
      unc@0.50: trades 281 (84 pairs, 160 target) net +0.67% +/-0.26%
      unc@0.60: trades 446 (101 pairs, 248 target) net +0.61% +/-0.21%
      unc@0.70: trades 492 (110 pairs, 265 target) net +0.53% +/-0.20%
      cap@0.50: trades 420 (104 pairs, 234 target) net +0.62% +/-0.21%
      cap@0.60: trades 481 (107 pairs, 258 target) net +0.52% +/-0.20%
      cap@0.70: trades 492 (110 pairs, 263 target) net +0.52% +/-0.20%
log_return_4 asc  friction 0.50% | bars 53022 -> anomaly 21707 -> DI 21196 -> cost 258 -> risk 224
      unc@0.50: trades 136 (53 pairs, 75 target) net +0.49% +/-0.38%
      unc@0.60: trades 203 (65 pairs, 108 target) net +0.40% +/-0.31%
      unc@0.70: trades 222 (72 pairs, 115 target) net +0.34% +/-0.30%
      cap@0.50: trades 197 (66 pairs, 103 target) net +0.36% +/-0.31%
      cap@0.60: trades 218 (71 pairs, 112 target) net +0.32% +/-0.30%
      cap@0.70: trades 224 (73 pairs, 115 target) net +0.31% +/-0.29%
log_return_4 asc  friction 0.60% | bars 53022 -> anomaly 21707 -> DI 21196 -> cost 100 -> risk 84
      unc@0.50: trades  52 (29 pairs, 26 target) net +0.15% +/-0.62%
      unc@0.60: trades  76 (35 pairs, 41 target) net +0.33% +/-0.51%
      unc@0.70: trades  84 (38 pairs, 44 target) net +0.26% +/-0.48%
      cap@0.50: trades  79 (35 pairs, 42 target) net +0.29% +/-0.50%
      cap@0.60: trades  83 (38 pairs, 44 target) net +0.29% +/-0.49%
      cap@0.70: trades  84 (38 pairs, 44 target) net +0.26% +/-0.48%
log_return_4 asc  friction 0.70% | bars 53022 -> anomaly 21707 -> DI 21196 -> cost 35 -> risk 30
      unc@0.50: trades  21 (14 pairs, 12 target) net +0.37% +/-0.98%
      unc@0.60: trades  29 (17 pairs, 17 target) net +0.44% +/-0.82%
      unc@0.70: trades  30 (18 pairs, 17 target) net +0.35% +/-0.81%
      cap@0.50: trades  28 (16 pairs, 17 target) net +0.53% +/-0.83%
      cap@0.60: trades  30 (18 pairs, 17 target) net +0.35% +/-0.81%
      cap@0.70: trades  30 (18 pairs, 17 target) net +0.35% +/-0.81%
log_return_4 asc  friction 0.85% | bars 53022 -> anomaly 21707 -> DI 21196 -> cost 7 -> risk 4
      unc@0.50: trades   1 (1 pairs, 0 target) net -2.35% +/-nan%
      unc@0.60: trades   4 (2 pairs, 3 target) net +1.03% +/-2.21%
      unc@0.70: trades   4 (2 pairs, 3 target) net +1.03% +/-2.21%
      cap@0.50: trades   4 (2 pairs, 3 target) net +1.03% +/-2.21%
      cap@0.60: trades   4 (2 pairs, 3 target) net +1.03% +/-2.21%
      cap@0.70: trades   4 (2 pairs, 3 target) net +1.03% +/-2.21%

=== 12m (52 folds) ===
alphabetical      friction 0.40% | bars 34881 -> anomaly 14635 -> DI 14301 -> cost 103 -> risk 50
      unc@0.50: trades   1 (1 pairs, 1 target) net +2.60% +/-nan%
      unc@0.60: trades  17 (2 pairs, 6 target) net -0.11% +/-1.05%
      unc@0.70: trades  42 (2 pairs, 14 target) net -0.32% +/-0.65%
      cap@0.50: trades  30 (2 pairs, 9 target) net -0.44% +/-0.76%
      cap@0.60: trades  36 (2 pairs, 11 target) net -0.37% +/-0.69%
      cap@0.70: trades  45 (2 pairs, 15 target) net -0.33% +/-0.63%
alphabetical      friction 0.50% | bars 34881 -> anomaly 14635 -> DI 14301 -> cost 51 -> risk 23
      unc@0.50: trades   1 (1 pairs, 1 target) net +2.50% +/-nan%
      unc@0.60: trades  10 (2 pairs, 3 target) net -0.31% +/-1.36%
      unc@0.70: trades  21 (2 pairs, 8 target) net -0.13% +/-0.95%
      cap@0.50: trades  18 (2 pairs, 6 target) net -0.31% +/-1.01%
      cap@0.60: trades  19 (2 pairs, 6 target) net -0.29% +/-0.96%
      cap@0.70: trades  22 (2 pairs, 8 target) net -0.21% +/-0.92%
alphabetical      friction 0.60% | bars 34881 -> anomaly 14635 -> DI 14301 -> cost 31 -> risk 17
      unc@0.50: trades   1 (1 pairs, 1 target) net +2.40% +/-nan%
      unc@0.60: trades   7 (2 pairs, 2 target) net -0.02% +/-1.55%
      unc@0.70: trades  16 (2 pairs, 6 target) net -0.07% +/-1.07%
      cap@0.50: trades  15 (2 pairs, 5 target) net -0.38% +/-1.12%
      cap@0.60: trades  16 (2 pairs, 5 target) net -0.35% +/-1.04%
      cap@0.70: trades  17 (2 pairs, 6 target) net -0.19% +/-1.03%
alphabetical      friction 0.70% | bars 34881 -> anomaly 14635 -> DI 14301 -> cost 5 -> risk 4
      unc@0.50: trades   1 (1 pairs, 1 target) net +2.30% +/-nan%
      unc@0.60: trades   3 (1 pairs, 1 target) net +0.42% +/-2.65%
      unc@0.70: trades   4 (2 pairs, 1 target) net -0.23% +/-2.27%
      cap@0.50: trades   4 (2 pairs, 1 target) net -0.23% +/-2.27%
      cap@0.60: trades   4 (2 pairs, 1 target) net -0.23% +/-2.27%
      cap@0.70: trades   4 (2 pairs, 1 target) net -0.23% +/-2.27%
alphabetical      friction 0.85% | bars 34881 -> anomaly 14635 -> DI 14301 -> cost 1 -> risk 1
      unc@0.50: trades 0
      unc@0.60: trades 0
      unc@0.70: trades   1 (1 pairs, 0 target) net -2.35% +/-nan%
      cap@0.50: trades   1 (1 pairs, 0 target) net -2.35% +/-nan%
      cap@0.60: trades   1 (1 pairs, 0 target) net -2.35% +/-nan%
      cap@0.70: trades   1 (1 pairs, 0 target) net -2.35% +/-nan%
log_return_4 asc  friction 0.40% | bars 34881 -> anomaly 14588 -> DI 14217 -> cost 385 -> risk 313
      unc@0.50: trades 176 (66 pairs, 98 target) net +0.62% +/-0.33%
      unc@0.60: trades 278 (81 pairs, 158 target) net +0.67% +/-0.26%
      unc@0.70: trades 311 (89 pairs, 170 target) net +0.57% +/-0.25%
      cap@0.50: trades 287 (85 pairs, 161 target) net +0.64% +/-0.26%
      cap@0.60: trades 307 (88 pairs, 166 target) net +0.55% +/-0.25%
      cap@0.70: trades 313 (89 pairs, 170 target) net +0.56% +/-0.25%
log_return_4 asc  friction 0.50% | bars 34881 -> anomaly 14588 -> DI 14217 -> cost 186 -> risk 156
      unc@0.50: trades  93 (41 pairs, 50 target) net +0.43% +/-0.46%
      unc@0.60: trades 139 (51 pairs, 79 target) net +0.56% +/-0.37%
      unc@0.70: trades 154 (58 pairs, 85 target) net +0.49% +/-0.35%
      cap@0.50: trades 147 (56 pairs, 81 target) net +0.49% +/-0.36%
      cap@0.60: trades 151 (58 pairs, 82 target) net +0.45% +/-0.36%
      cap@0.70: trades 156 (59 pairs, 85 target) net +0.46% +/-0.35%
log_return_4 asc  friction 0.60% | bars 34881 -> anomaly 14588 -> DI 14217 -> cost 80 -> risk 66
      unc@0.50: trades  40 (23 pairs, 19 target) net +0.04% +/-0.71%
      unc@0.60: trades  58 (26 pairs, 33 target) net +0.46% +/-0.58%
      unc@0.70: trades  66 (29 pairs, 36 target) net +0.35% +/-0.54%
      cap@0.50: trades  65 (29 pairs, 36 target) net +0.39% +/-0.55%
      cap@0.60: trades  65 (29 pairs, 36 target) net +0.39% +/-0.55%
      cap@0.70: trades  66 (29 pairs, 36 target) net +0.35% +/-0.54%
log_return_4 asc  friction 0.70% | bars 34881 -> anomaly 14588 -> DI 14217 -> cost 29 -> risk 24
      unc@0.50: trades  16 (9 pairs, 9 target) net +0.33% +/-1.13%
      unc@0.60: trades  23 (11 pairs, 14 target) net +0.54% +/-0.92%
      unc@0.70: trades  24 (12 pairs, 14 target) net +0.43% +/-0.91%
      cap@0.50: trades  24 (12 pairs, 14 target) net +0.43% +/-0.91%
      cap@0.60: trades  24 (12 pairs, 14 target) net +0.43% +/-0.91%
      cap@0.70: trades  24 (12 pairs, 14 target) net +0.43% +/-0.91%
log_return_4 asc  friction 0.85% | bars 34881 -> anomaly 14588 -> DI 14217 -> cost 7 -> risk 4
      unc@0.50: trades   1 (1 pairs, 0 target) net -2.35% +/-nan%
      unc@0.60: trades   4 (2 pairs, 3 target) net +1.03% +/-2.21%
      unc@0.70: trades   4 (2 pairs, 3 target) net +1.03% +/-2.21%
      cap@0.50: trades   4 (2 pairs, 3 target) net +1.03% +/-2.21%
      cap@0.60: trades   4 (2 pairs, 3 target) net +1.03% +/-2.21%
      cap@0.70: trades   4 (2 pairs, 3 target) net +1.03% +/-2.21%

=== 6m (26 folds) ===
alphabetical      friction 0.40% | bars 17469 -> anomaly 8831 -> DI 8636 -> cost 53 -> risk 27
      unc@0.50: trades   1 (1 pairs, 1 target) net +2.60% +/-nan%
      unc@0.60: trades  10 (2 pairs, 4 target) net -0.10% +/-1.44%
      unc@0.70: trades  23 (2 pairs, 6 target) net -0.73% +/-0.83%
      cap@0.50: trades  14 (2 pairs, 3 target) net -0.94% +/-1.00%
      cap@0.60: trades  18 (2 pairs, 4 target) net -0.78% +/-0.89%
      cap@0.70: trades  23 (2 pairs, 6 target) net -0.73% +/-0.83%
alphabetical      friction 0.50% | bars 17469 -> anomaly 8831 -> DI 8636 -> cost 25 -> risk 11
      unc@0.50: trades   1 (1 pairs, 1 target) net +2.50% +/-nan%
      unc@0.60: trades   5 (2 pairs, 2 target) net -0.20% +/-2.16%
      unc@0.70: trades  10 (2 pairs, 3 target) net -0.65% +/-1.35%
      cap@0.50: trades   6 (2 pairs, 1 target) net -1.25% +/-1.47%
      cap@0.60: trades   7 (2 pairs, 1 target) net -1.05% +/-1.31%
      cap@0.70: trades  10 (2 pairs, 3 target) net -0.65% +/-1.35%
alphabetical      friction 0.60% | bars 17469 -> anomaly 8831 -> DI 8636 -> cost 13 -> risk 6
      unc@0.50: trades   1 (1 pairs, 1 target) net +2.40% +/-nan%
      unc@0.60: trades   4 (2 pairs, 2 target) net +0.70% +/-2.12%
      unc@0.70: trades   6 (2 pairs, 2 target) net -0.24% +/-1.77%
      cap@0.50: trades   4 (2 pairs, 1 target) net -0.97% +/-2.21%
      cap@0.60: trades   5 (2 pairs, 1 target) net -0.76% +/-1.76%
      cap@0.70: trades   6 (2 pairs, 2 target) net -0.24% +/-1.77%
alphabetical      friction 0.70% | bars 17469 -> anomaly 8831 -> DI 8636 -> cost 2 -> risk 1
      unc@0.50: trades   1 (1 pairs, 1 target) net +2.30% +/-nan%
      unc@0.60: trades   1 (1 pairs, 1 target) net +2.30% +/-nan%
      unc@0.70: trades   1 (1 pairs, 1 target) net +2.30% +/-nan%
      cap@0.50: trades   1 (1 pairs, 1 target) net +2.30% +/-nan%
      cap@0.60: trades   1 (1 pairs, 1 target) net +2.30% +/-nan%
      cap@0.70: trades   1 (1 pairs, 1 target) net +2.30% +/-nan%
alphabetical      friction 0.85% | bars 17469 -> anomaly 8831 -> DI 8636 -> cost 0 -> risk 0
      unc@0.50: trades 0
      unc@0.60: trades 0
      unc@0.70: trades 0
      cap@0.50: trades 0
      cap@0.60: trades 0
      cap@0.70: trades 0
log_return_4 asc  friction 0.40% | bars 17469 -> anomaly 6562 -> DI 6395 -> cost 255 -> risk 198
      unc@0.50: trades  99 (39 pairs, 55 target) net +0.62% +/-0.44%
      unc@0.60: trades 173 (50 pairs, 96 target) net +0.61% +/-0.33%
      unc@0.70: trades 197 (55 pairs, 105 target) net +0.51% +/-0.31%
      cap@0.50: trades 183 (51 pairs, 98 target) net +0.53% +/-0.32%
      cap@0.60: trades 192 (53 pairs, 101 target) net +0.48% +/-0.32%
      cap@0.70: trades 198 (55 pairs, 105 target) net +0.50% +/-0.31%
log_return_4 asc  friction 0.50% | bars 17469 -> anomaly 6562 -> DI 6395 -> cost 135 -> risk 110
      unc@0.50: trades  59 (26 pairs, 33 target) net +0.52% +/-0.57%
      unc@0.60: trades  98 (33 pairs, 57 target) net +0.62% +/-0.44%
      unc@0.70: trades 109 (37 pairs, 61 target) net +0.52% +/-0.42%
      cap@0.50: trades 102 (35 pairs, 57 target) net +0.51% +/-0.44%
      cap@0.60: trades 105 (37 pairs, 58 target) net +0.49% +/-0.43%
      cap@0.70: trades 110 (38 pairs, 61 target) net +0.50% +/-0.42%
log_return_4 asc  friction 0.60% | bars 17469 -> anomaly 6562 -> DI 6395 -> cost 62 -> risk 49
      unc@0.50: trades  27 (13 pairs, 13 target) net +0.07% +/-0.86%
      unc@0.60: trades  42 (15 pairs, 24 target) net +0.47% +/-0.68%
      unc@0.70: trades  49 (17 pairs, 27 target) net +0.38% +/-0.63%
      cap@0.50: trades  48 (17 pairs, 27 target) net +0.43% +/-0.64%
      cap@0.60: trades  48 (17 pairs, 27 target) net +0.43% +/-0.64%
      cap@0.70: trades  49 (17 pairs, 27 target) net +0.38% +/-0.63%
log_return_4 asc  friction 0.70% | bars 17469 -> anomaly 6562 -> DI 6395 -> cost 23 -> risk 18
      unc@0.50: trades  10 (5 pairs, 6 target) net +0.50% +/-1.44%
      unc@0.60: trades  17 (7 pairs, 11 target) net +0.71% +/-1.05%
      unc@0.70: trades  18 (8 pairs, 11 target) net +0.55% +/-1.04%
      cap@0.50: trades  18 (8 pairs, 11 target) net +0.55% +/-1.04%
      cap@0.60: trades  18 (8 pairs, 11 target) net +0.55% +/-1.04%
      cap@0.70: trades  18 (8 pairs, 11 target) net +0.55% +/-1.04%
log_return_4 asc  friction 0.85% | bars 17469 -> anomaly 6562 -> DI 6395 -> cost 7 -> risk 4
      unc@0.50: trades   1 (1 pairs, 0 target) net -2.35% +/-nan%
      unc@0.60: trades   4 (2 pairs, 3 target) net +1.03% +/-2.21%
      unc@0.70: trades   4 (2 pairs, 3 target) net +1.03% +/-2.21%
      cap@0.50: trades   4 (2 pairs, 3 target) net +1.03% +/-2.21%
      cap@0.60: trades   4 (2 pairs, 3 target) net +1.03% +/-2.21%
      cap@0.70: trades   4 (2 pairs, 3 target) net +1.03% +/-2.21%
