1INCHUSD 139401 window grid (99.9%, max) (3, 3) | 2026 grid None
AAVEUSD 1476390 window grid (99.9%, max) (2, 2) | 2026 grid (2, 2)
ACAUSD 153746 window grid (99.9%, max) (3, 3) | 2026 grid None
ACHUSD 183292 window grid (99.9%, max) (5, 5) | 2026 grid None
ADAUSD 3202150 window grid (99.9%, max) (6, 6) | 2026 grid (6, 6)
AKTUSD 2141706 window grid (99.9%, max) (4, 4) | 2026 grid (4, 4)
ALGOUSD 1322282 window grid (99.9%, max) (5, 5) | 2026 grid (5, 5)
APEUSD 475932 window grid (99.9%, max) (4, 4) | 2026 grid (4, 4)
APTUSD 592443 window grid (99.9%, max) (4, 4) | 2026 grid (4, 4)
ARBUSD 1149290 window grid (99.9%, max) (4, 4) | 2026 grid (4, 4)
ASTRUSD 258146 window grid (99.9%, max) (4, 4) | 2026 grid (5, 5)
ATOMUSD 938647 window grid (99.9%, max) (4, 4) | 2026 grid (4, 4)
AUDUSD 747134 window grid (99.9%, max) (5, 5) | 2026 grid (5, 5)
AVAXUSD 2396203 window grid (99.9%, max) (2, 2) | 2026 grid (3, 3)
BATUSD 143236 window grid (99.9%, max) (5, 5) | 2026 grid (5, 5)
BCHUSD 1525493 window grid (99.9%, max) (2, 2) | 2026 grid (2, 2)
BLURUSD 427964 window grid (99.9%, max) (4, 4) | 2026 grid (5, 5)
BONKUSD 816106 window grid (99.9%, max) (9, 9) | 2026 grid (9, 9)
COTIUSD 272089 window grid (99.9%, max) (4, 4) | 2026 grid (5, 5)
CRVUSD 748627 window grid (99.9%, max) (3, 3) | 2026 grid (5, 5)
CVCUSD 64651 window grid (99.9%, max) (4, 4) | 2026 grid (5, 5)
CVXUSD 194740 window grid (99.9%, max) (2, 2) | 2026 grid (3, 3)
DAIUSD 404417 window grid (99.9%, max) (5, 5) | 2026 grid (5, 5)
DASHUSD 235112 window grid (99.9%, max) (3, 3) | 2026 grid (3, 3)
DOTUSD 3179630 window grid (99.9%, max) (4, 4) | 2026 grid (4, 4)
DYDXUSD 284951 window grid (99.9%, max) (3, 3) | 2026 grid (5, 5)
EGLDUSD 249608 window grid (99.9%, max) (2, 2) | 2026 grid (2, 2)
ETCUSD 500987 window grid (99.9%, max) (3, 3) | 2026 grid (3, 3)
FETUSD 2559657 window grid (99.9%, max) (4, 4) | 2026 grid (4, 4)
FILUSD 1183136 window grid (99.9%, max) (3, 3) | 2026 grid (3, 3)
FLRUSD 881549 window grid (99.9%, max) (5, 5) | 2026 grid (5, 5)
FORTHUSD 67230 window grid (99.9%, max) (3, 3) | 2026 grid (3, 3)
GBPUSD 3192210 window grid (99.9%, max) (5, 5) | 2026 grid (5, 5)
GRTUSD 739139 window grid (99.9%, max) (5, 5) | 2026 grid (5, 5)
ICPUSD 1675457 window grid (99.9%, max) (3, 3) | 2026 grid (3, 3)
INJUSD 2047814 window grid (99.9%, max) (3, 3) | 2026 grid (3, 3)
JASMYUSD 395148 window grid (99.9%, max) (5, 5) | 2026 grid (5, 5)
JTOUSD 257665 window grid (99.9%, max) (5, 5) | 2026 grid (5, 5)
KAVAUSD 221532 window grid (99.9%, max) (4, 4) | 2026 grid (4, 4)
KSMUSD 763669 window grid (99.9%, max) (2, 2) | 2026 grid (2, 2)
LDOUSD 1048835 window grid (99.9%, max) (3, 3) | 2026 grid (3, 3)
LINKUSD 3095147 window grid (99.9%, max) (5, 5) | 2026 grid (5, 5)
LMWRUSD 374240 window grid (99.9%, max) (4, 4) | 2026 grid (5, 5)
LSKUSD 137486 window grid (99.9%, max) (6, 6) | 2026 grid (6, 6)
LTCUSD 3192888 window grid (99.9%, max) (2, 2) | 2026 grid (2, 2)
LUNAUSD 906016 window grid (99.9%, max) (8, 8) | 2026 grid (8, 8)
MANAUSD 402212 window grid (99.9%, max) (5, 5) | 2026 grid (5, 5)
MINAUSD 618268 window grid (99.9%, max) (3, 3) | 2026 grid (5, 5)
NEARUSD 2059250 window grid (99.9%, max) (3, 3) | 2026 grid (4, 4)
OPUSD 581220 window grid (99.9%, max) (4, 4) | 2026 grid (4, 4)
PAXGUSD 308433 window grid (99.9%, max) (2, 2) | 2026 grid (2, 2)
PEPEUSD 2106382 window grid (99.9%, max) (9, 9) | 2026 grid (9, 9)
POLUSD 189355 window grid (99.9%, max) (5, 5) | 2026 grid (5, 5)
PYTHUSD 399596 window grid (99.9%, max) (5, 5) | 2026 grid (5, 5)
PYUSDUSD 98124 window grid (99.9%, max) (4, 4) | 2026 grid (4, 4)
QNTUSD 443478 window grid (99.9%, max) (2, 2) | 2026 grid (2, 2)
RAYUSD 294990 window grid (99.9%, max) (3, 3) | 2026 grid (3, 3)
RUNEUSD 856646 window grid (99.9%, max) (3, 3) | 2026 grid (3, 3)
SEIUSD 1892487 window grid (99.9%, max) (5, 5) | 2026 grid (5, 5)
SHIBUSD 1939666 window grid (99.9%, max) (8, 8) | 2026 grid (9, 9)
STORJUSD 271206 window grid (99.9%, max) (5, 5) | 2026 grid (5, 5)
STXUSD 961228 window grid (99.9%, max) (4, 4) | 2026 grid (4, 4)
SUIUSD 1609980 window grid (99.9%, max) (4, 4) | 2026 grid (4, 4)
SUSHIUSD 203349 window grid (99.9%, max) (3, 3) | 2026 grid (4, 4)
SYNUSD 528763 window grid (99.9%, max) (4, 4) | 2026 grid (4, 4)
TIAUSD 1496417 window grid (99.9%, max) (4, 4) | 2026 grid (4, 4)
TRXUSD 951739 window grid (99.9%, max) (6, 6) | 2026 grid (6, 6)
TUSD 64908 window grid (99.9%, max) (5, 5) | 2026 grid (5, 5)
UNIUSD 1416284 window grid (99.9%, max) (3, 3) | 2026 grid (4, 4)
WBTCUSD 81802 window grid (99.9%, max) (1, 1) | 2026 grid (1, 1)
XCNUSD 269565 window grid (99.9%, max) (5, 5) | 2026 grid (5, 5)
XDGUSD 7211234 window grid (99.9%, max) (7, 7) | 2026 grid (7, 7)
XLMUSD 1505605 window grid (99.9%, max) (6, 6) | 2026 grid (6, 6)
XMRUSD 2174471 window grid (99.9%, max) (2, 2) | 2026 grid (2, 2)
XTZUSD 460256 window grid (99.9%, max) (4, 4) | 2026 grid (5, 5)

compared 72 pairs: same grid 57, finer in 2026 15, coarser in 2026 0
  differs: ('ASTRUSD', 258146, (4, 4), (5, 5), 0.0988)
  differs: ('AVAXUSD', 2396203, (2, 2), (3, 3), 36.71)
  differs: ('BLURUSD', 427964, (4, 4), (5, 5), 0.485)
  differs: ('COTIUSD', 272089, (4, 4), (5, 5), 0.134)
  differs: ('CRVUSD', 748627, (3, 3), (5, 5), 0.541)
  differs: ('CVCUSD', 64651, (4, 4), (5, 5), 0.1604)
  differs: ('CVXUSD', 194740, (2, 2), (3, 3), 3.49)
  differs: ('DYDXUSD', 284951, (3, 3), (5, 5), 2.845)
  differs: ('LMWRUSD', 374240, (4, 4), (5, 5), 0.292)
  differs: ('MINAUSD', 618268, (3, 3), (5, 5), 0.826)
  differs: ('NEARUSD', 2059250, (3, 3), (4, 4), 5.446)
  differs: ('SHIBUSD', 1939666, (8, 8), (9, 9), 2.444e-05)
  differs: ('SUSHIUSD', 203349, (3, 3), (4, 4), 1.256)
  differs: ('UNIUSD', 1416284, (3, 3), (4, 4), 9.448)
  differs: ('XTZUSD', 460256, (4, 4), (5, 5), 1.1541)
